
HTTP: 200, Tiempo: 1.623901s
